Performing C SOURCE FILE Test CMAKE_HAVE_LIBC_PTHREAD failed with the following output:
Change Dir: /root/project/tesla-engine-sound/app/.cxx/Debug/6h2y4e6h/x86_64/CMakeFiles/CMakeTmp

Run Build Command(s):/opt/android-sdk/cmake/3.22.1/bin/ninja cmTC_7448a && [1/2] Building C object CMakeFiles/cmTC_7448a.dir/src.c.o
/root/project/tesla-engine-sound/app/.cxx/Debug/6h2y4e6h/x86_64/CMakeFiles/CMakeTmp/src.c:13:3: warning: implicit declaration of function 'pthread_cancel' is invalid in C99 [-Wimplicit-function-declaration]
  pthread_cancel(thread);
  ^
1 warning generated.
[2/2] Linking C executable cmTC_7448a
FAILED: cmTC_7448a 
: && /opt/android-sdk/ndk/25.1.8937393/toolchains/llvm/prebuilt/linux-x86_64/bin/clang --target=x86_64-none-linux-android26 --sysroot=/opt/android-sdk/ndk/25.1.8937393/toolchains/llvm/prebuilt/linux-x86_64/sysroot -g -DANDROID -fdata-sections -ffunction-sections -funwind-tables -fstack-protector-strong -no-canonical-prefixes -D_FORTIFY_SOURCE=2 -Wformat -Werror=format-security -Wl,--build-id=sha1 -Wl,--no-rosegment -Wl,--fatal-warnings -Wl,--gc-sections -Wl,--no-undefined -Qunused-arguments -Wl,--gc-sections CMakeFiles/cmTC_7448a.dir/src.c.o -o cmTC_7448a  -latomic -lm && :
ld: error: undefined symbol: pthread_cancel
>>> referenced by src.c:13
>>>               CMakeFiles/cmTC_7448a.dir/src.c.o:(main)
clang: error: linker command failed with exit code 1 (use -v to see invocation)
ninja: build stopped: subcommand failed.


Source file was:
#include <pthread.h>

static void* test_func(void* data)
{
  return data;
}

int main(void)
{
  pthread_t thread;
  pthread_create(&thread, NULL, test_func, NULL);
  pthread_detach(thread);
  pthread_cancel(thread);
  pthread_join(thread, NULL);
  pthread_atfork(NULL, NULL, NULL);
  pthread_exit(NULL);

  return 0;
}

Determining if the function pthread_create exists in the pthreads failed with the following output:
Change Dir: /root/project/tesla-engine-sound/app/.cxx/Debug/6h2y4e6h/x86_64/CMakeFiles/CMakeTmp

Run Build Command(s):/opt/android-sdk/cmake/3.22.1/bin/ninja cmTC_677ea && [1/2] Building C object CMakeFiles/cmTC_677ea.dir/CheckFunctionExists.c.o
[2/2] Linking C executable cmTC_677ea
FAILED: cmTC_677ea 
: && /opt/android-sdk/ndk/25.1.8937393/toolchains/llvm/prebuilt/linux-x86_64/bin/clang --target=x86_64-none-linux-android26 --sysroot=/opt/android-sdk/ndk/25.1.8937393/toolchains/llvm/prebuilt/linux-x86_64/sysroot -g -DANDROID -fdata-sections -ffunction-sections -funwind-tables -fstack-protector-strong -no-canonical-prefixes -D_FORTIFY_SOURCE=2 -Wformat -Werror=format-security  -DCHECK_FUNCTION_EXISTS=pthread_create -Wl,--build-id=sha1 -Wl,--no-rosegment -Wl,--fatal-warnings -Wl,--gc-sections -Wl,--no-undefined -Qunused-arguments -Wl,--gc-sections CMakeFiles/cmTC_677ea.dir/CheckFunctionExists.c.o -o cmTC_677ea  -lpthreads  -latomic -lm && :
ld: error: unable to find library -lpthreads
clang: error: linker command failed with exit code 1 (use -v to see invocation)
ninja: build stopped: subcommand failed.



Determining if the function pthread_create exists in the pthread failed with the following output:
Change Dir: /root/project/tesla-engine-sound/app/.cxx/Debug/6h2y4e6h/x86_64/CMakeFiles/CMakeTmp

Run Build Command(s):/opt/android-sdk/cmake/3.22.1/bin/ninja cmTC_90333 && [1/2] Building C object CMakeFiles/cmTC_90333.dir/CheckFunctionExists.c.o
[2/2] Linking C executable cmTC_90333
FAILED: cmTC_90333 
: && /opt/android-sdk/ndk/25.1.8937393/toolchains/llvm/prebuilt/linux-x86_64/bin/clang --target=x86_64-none-linux-android26 --sysroot=/opt/android-sdk/ndk/25.1.8937393/toolchains/llvm/prebuilt/linux-x86_64/sysroot -g -DANDROID -fdata-sections -ffunction-sections -funwind-tables -fstack-protector-strong -no-canonical-prefixes -D_FORTIFY_SOURCE=2 -Wformat -Werror=format-security  -DCHECK_FUNCTION_EXISTS=pthread_create -Wl,--build-id=sha1 -Wl,--no-rosegment -Wl,--fatal-warnings -Wl,--gc-sections -Wl,--no-undefined -Qunused-arguments -Wl,--gc-sections CMakeFiles/cmTC_90333.dir/CheckFunctionExists.c.o -o cmTC_90333  -lpthread  -latomic -lm && :
ld: error: unable to find library -lpthread
clang: error: linker command failed with exit code 1 (use -v to see invocation)
ninja: build stopped: subcommand failed.



